C51 COMPILER V9.00   SYS                                                                   04/23/2018 22:22:33 PAGE 1   


C51 COMPILER V9.00, COMPILATION OF MODULE SYS
OBJECT MODULE PLACED IN sys.OBJ
COMPILER INVOKED BY: D:\C51\BIN\C51.EXE sys.c COMPACT BROWSE DEBUG OBJECTEXTEND

line level    source

   1          #include <STC12C5A60S2.h>
   2          #include <intrins.h>
   3          
   4          #include "sys.h"
   5          
   6          void delayms(int count)  // /* X1ms */
   7          {
   8   1        while(--count)
   9   1        {
  10   2              unsigned char i, j;
  11   2              _nop_();
  12   2              i = 11;
  13   2              j = 100;
  14   2              do
  15   2              {
  16   3                      while (--j);
  17   3              } while (--i);  
  18   2        }
  19   1      }


MODULE INFORMATION:   STATIC OVERLAYABLE
   CODE SIZE        =     36    ----
   CONSTANT SIZE    =   ----    ----
   XDATA SIZE       =   ----    ----
   PDATA SIZE       =   ----       2
   DATA SIZE        =   ----    ----
   IDATA SIZE       =   ----    ----
   BIT SIZE         =   ----    ----
END OF MODULE INFORMATION.


C51 COMPILATION COMPLETE.  0 WARNING(S),  0 ERROR(S)
